
Folder: \
TaskName                                 Next Run Time          Status
======================================== ====================== ===============
OneDrive Standalone Update Task-S-1-5-21 4/7/2021 10:18:05 AM   Ready

Folder: \Microsoft
TaskName                                 Next Run Time          Status
======================================== ====================== ===============
INFO: There are no scheduled tasks presently available at your access level.

Folder: \Microsoft\OneCore
TaskName                                 Next Run Time          Status
======================================== ====================== ===============
INFO: There are no scheduled tasks presently available at your access level.

Folder: \Microsoft\Windows
TaskName                                 Next Run Time          Status
======================================== ====================== ===============
INFO: There are no scheduled tasks presently available at your access level.

Folder: \Microsoft\Windows\.NET Framework
TaskName                                 Next Run Time          Status
======================================== ====================== ===============
.NET Framework NGEN v4.0.30319           N/A                    Ready
.NET Framework NGEN v4.0.30319 64        N/A                    Ready
.NET Framework NGEN v4.0.30319 64 Critic N/A                    Disabled
.NET Framework NGEN v4.0.30319 Critical  N/A                    Disabled

Folder: \Microsoft\Windows\Active Directory Rights Management Services Client
TaskName                                 Next Run Time          Status
======================================== ====================== ===============
AD RMS Rights Policy Template Management N/A                    Disabled
AD RMS Rights Policy Template Management N/A                    Ready

Folder: \Microsoft\Windows\AppID
TaskName                                 Next Run Time          Status
======================================== ====================== ===============
PolicyConverter                          N/A                    Disabled
VerifiedPublisherCertStoreCheck          N/A                    Disabled

Folder: \Microsoft\Windows\Application Experience
TaskName                                 Next Run Time          Status
======================================== ====================== ===============
Microsoft Compatibility Appraiser        4/7/2021 4:03:42 AM    Ready
PcaPatchDbTask                           4/6/2021 4:25:59 PM    Ready
ProgramDataUpdater                       N/A                    Ready
StartupAppTask                           N/A                    Ready

Folder: \Microsoft\Windows\ApplicationData
TaskName                                 Next Run Time          Status
======================================== ====================== ===============
appuriverifierdaily                      N/A                    Ready
appuriverifierinstall                    N/A                    Ready
CleanupTemporaryState                    N/A                    Ready
DsSvcCleanup                             N/A                    Ready

Folder: \Microsoft\Windows\AppxDeploymentClient
TaskName                                 Next Run Time          Status
======================================== ====================== ===============
Pre-staged app cleanup                   N/A                    Disabled

Folder: \Microsoft\Windows\Autochk
TaskName                                 Next Run Time          Status
======================================== ====================== ===============
Proxy                                    N/A                    Ready

Folder: \Microsoft\Windows\BitLocker
TaskName                                 Next Run Time          Status
======================================== ====================== ===============
BitLocker Encrypt All Drives             N/A                    Ready
BitLocker MDM policy Refresh             N/A                    Ready

Folder: \Microsoft\Windows\Bluetooth
TaskName                                 Next Run Time          Status
======================================== ====================== ===============
UninstallDeviceTask                      N/A                    Ready

Folder: \Microsoft\Windows\BrokerInfrastructure
TaskName                                 Next Run Time          Status
======================================== ====================== ===============
BgTaskRegistrationMaintenanceTask        N/A                    Ready

Folder: \Microsoft\Windows\CertificateServicesClient
TaskName                                 Next Run Time          Status
======================================== ====================== ===============
UserTask                                 N/A                    Ready
UserTask-Roam                            N/A                    Ready

Folder: \Microsoft\Windows\Chkdsk
TaskName                                 Next Run Time          Status
======================================== ====================== ===============
ProactiveScan                            N/A                    Ready
SyspartRepair                            N/A                    Ready

Folder: \Microsoft\Windows\CloudExperienceHost
TaskName                                 Next Run Time          Status
======================================== ====================== ===============
CreateObjectTask                         N/A                    Ready

Folder: \Microsoft\Windows\Customer Experience Improvement Program
TaskName                                 Next Run Time          Status
======================================== ====================== ===============
Consolidator                             4/6/2021 6:00:00 PM    Ready
UsbCeip                                  N/A                    Ready

Folder: \Microsoft\Windows\Data Integrity Scan
TaskName                                 Next Run Time          Status
======================================== ====================== ===============
Data Integrity Check And Scan            4/6/2021 11:29:32 PM   Ready
Data Integrity Scan                      N/A                    Ready
Data Integrity Scan for Crash Recovery   N/A                    Ready

Folder: \Microsoft\Windows\Defrag
TaskName                                 Next Run Time          Status
======================================== ====================== ===============
ScheduledDefrag                          N/A                    Ready

Folder: \Microsoft\Windows\Device Information
TaskName                                 Next Run Time          Status
======================================== ====================== ===============
Device                                   4/7/2021 3:26:48 AM    Ready
Device User                              N/A                    Ready

Folder: \Microsoft\Windows\Diagnosis
TaskName                                 Next Run Time          Status
======================================== ====================== ===============
RecommendedTroubleshootingScanner        N/A                    Ready
Scheduled                                N/A                    Ready

Folder: \Microsoft\Windows\DirectX
TaskName                                 Next Run Time          Status
======================================== ====================== ===============
DirectXDatabaseUpdater                   N/A                    Ready
DXGIAdapterCache                         N/A                    Ready

Folder: \Microsoft\Windows\DiskCleanup
TaskName                                 Next Run Time          Status
======================================== ====================== ===============
SilentCleanup                            N/A                    Ready

Folder: \Microsoft\Windows\DiskDiagnostic
TaskName                                 Next Run Time          Status
======================================== ====================== ===============
Microsoft-Windows-DiskDiagnosticDataColl N/A                    Ready
Microsoft-Windows-DiskDiagnosticResolver N/A                    Disabled

Folder: \Microsoft\Windows\DiskFootprint
TaskName                                 Next Run Time          Status
======================================== ====================== ===============
Diagnostics                              N/A                    Ready
StorageSense                             N/A                    Ready

Folder: \Microsoft\Windows\DUSM
TaskName                                 Next Run Time          Status
======================================== ====================== ===============
dusmtask                                 N/A                    Ready

Folder: \Microsoft\Windows\EDP
TaskName                                 Next Run Time          Status
======================================== ====================== ===============
EDP App Launch Task                      N/A                    Ready
EDP Auth Task                            N/A                    Ready
EDP Inaccessible Credentials Task        N/A                    Ready
StorageCardEncryption Task               N/A                    Ready

Folder: \Microsoft\Windows\ExploitGuard
TaskName                                 Next Run Time          Status
======================================== ====================== ===============
ExploitGuard MDM policy Refresh          N/A                    Ready

Folder: \Microsoft\Windows\Feedback
TaskName                                 Next Run Time          Status
======================================== ====================== ===============
INFO: There are no scheduled tasks presently available at your access level.

Folder: \Microsoft\Windows\Feedback\Siuf
TaskName                                 Next Run Time          Status
======================================== ====================== ===============
DmClient                                 N/A                    Ready
DmClientOnScenarioDownload               N/A                    Ready

Folder: \Microsoft\Windows\File Classification Infrastructure
TaskName                                 Next Run Time          Status
======================================== ====================== ===============
Property Definition Sync                 N/A                    Disabled

Folder: \Microsoft\Windows\FileHistory
TaskName                                 Next Run Time          Status
======================================== ====================== ===============
File History (maintenance mode)          N/A                    Ready

Folder: \Microsoft\Windows\Flighting
TaskName                                 Next Run Time          Status
======================================== ====================== ===============
INFO: There are no scheduled tasks presently available at your access level.

Folder: \Microsoft\Windows\Flighting\FeatureConfig
TaskName                                 Next Run Time          Status
======================================== ====================== ===============
ReconcileFeatures                        N/A                    Ready
UsageDataFlushing                        N/A                    Ready
UsageDataReporting                       N/A                    Ready

Folder: \Microsoft\Windows\Flighting\OneSettings
TaskName                                 Next Run Time          Status
======================================== ====================== ===============
RefreshCache                             4/6/2021 3:41:11 PM    Ready

Folder: \Microsoft\Windows\Input
TaskName                                 Next Run Time          Status
======================================== ====================== ===============
LocalUserSyncDataAvailable               N/A                    Ready
MouseSyncDataAvailable                   N/A                    Ready
PenSyncDataAvailable                     N/A                    Ready
TouchpadSyncDataAvailable                N/A                    Ready

Folder: \Microsoft\Windows\InstallService
TaskName                                 Next Run Time          Status
======================================== ====================== ===============
ScanForUpdates                           4/7/2021 12:43:07 PM   Ready
ScanForUpdatesAsUser                     N/A                    Ready
WakeUpAndContinueUpdates                 N/A                    Disabled
WakeUpAndScanForUpdates                  N/A                    Disabled

Folder: \Microsoft\Windows\International
TaskName                                 Next Run Time          Status
======================================== ====================== ===============
Synchronize Language Settings            N/A                    Ready

Folder: \Microsoft\Windows\LanguageComponentsInstaller
TaskName                                 Next Run Time          Status
======================================== ====================== ===============
Installation                             N/A                    Ready
ReconcileLanguageResources               N/A                    Ready

Folder: \Microsoft\Windows\Live
TaskName                                 Next Run Time          Status
======================================== ====================== ===============
INFO: There are no scheduled tasks presently available at your access level.

Folder: \Microsoft\Windows\Location
TaskName                                 Next Run Time          Status
======================================== ====================== ===============
Notifications                            N/A                    Ready
WindowsActionDialog                      N/A                    Ready

Folder: \Microsoft\Windows\Maintenance
TaskName                                 Next Run Time          Status
======================================== ====================== ===============
WinSAT                                   N/A                    Ready

Folder: \Microsoft\Windows\Management
TaskName                                 Next Run Time          Status
======================================== ====================== ===============
INFO: There are no scheduled tasks presently available at your access level.

Folder: \Microsoft\Windows\Management\Provisioning
TaskName                                 Next Run Time          Status
======================================== ====================== ===============
Cellular                                 N/A                    Ready
Logon                                    N/A                    Ready
Retry                                    N/A                    Disabled
RunOnReboot                              N/A                    Disabled

Folder: \Microsoft\Windows\Maps
TaskName                                 Next Run Time          Status
======================================== ====================== ===============
MapsToastTask                            N/A                    Ready
MapsUpdateTask                           N/A                    Disabled

Folder: \Microsoft\Windows\MemoryDiagnostic
TaskName                                 Next Run Time          Status
======================================== ====================== ===============
ProcessMemoryDiagnosticEvents            N/A                    Ready
RunFullMemoryDiagnostic                  N/A                    Ready

Folder: \Microsoft\Windows\Mobile Broadband Accounts
TaskName                                 Next Run Time          Status
======================================== ====================== ===============
MNO Metadata Parser                      N/A                    Ready

Folder: \Microsoft\Windows\MUI
TaskName                                 Next Run Time          Status
======================================== ====================== ===============
LPRemove                                 N/A                    Ready

Folder: \Microsoft\Windows\Multimedia
TaskName                                 Next Run Time          Status
======================================== ====================== ===============
SystemSoundsService                      N/A                    Running

Folder: \Microsoft\Windows\NetTrace
TaskName                                 Next Run Time          Status
======================================== ====================== ===============
GatherNetworkInfo                        N/A                    Ready

Folder: \Microsoft\Windows\NlaSvc
TaskName                                 Next Run Time          Status
======================================== ====================== ===============
WiFiTask                                 N/A                    Ready

Folder: \Microsoft\Windows\Offline Files
TaskName                                 Next Run Time          Status
======================================== ====================== ===============
Background Synchronization               N/A                    Disabled
Logon Synchronization                    N/A                    Disabled

Folder: \Microsoft\Windows\PLA
TaskName                                 Next Run Time          Status
======================================== ====================== ===============
INFO: There are no scheduled tasks presently available at your access level.

Folder: \Microsoft\Windows\Plug and Play
TaskName                                 Next Run Time          Status
======================================== ====================== ===============
Device Install Group Policy              N/A                    Ready
Device Install Reboot Required           N/A                    Ready
Sysprep Generalize Drivers               N/A                    Ready

Folder: \Microsoft\Windows\Power Efficiency Diagnostics
TaskName                                 Next Run Time          Status
======================================== ====================== ===============
AnalyzeSystem                            N/A                    Ready

Folder: \Microsoft\Windows\Printing
TaskName                                 Next Run Time          Status
======================================== ====================== ===============
EduPrintProv                             N/A                    Ready

Folder: \Microsoft\Windows\RecoveryEnvironment
TaskName                                 Next Run Time          Status
======================================== ====================== ===============
VerifyWinRE                              N/A                    Disabled

Folder: \Microsoft\Windows\Registry
TaskName                                 Next Run Time          Status
======================================== ====================== ===============
RegIdleBackup                            N/A                    Ready

Folder: \Microsoft\Windows\Servicing
TaskName                                 Next Run Time          Status
======================================== ====================== ===============
StartComponentCleanup                    N/A                    Ready

Folder: \Microsoft\Windows\SettingSync
TaskName                                 Next Run Time          Status
======================================== ====================== ===============
BackgroundUploadTask                     N/A                    Ready
NetworkStateChangeTask                   N/A                    Ready

Folder: \Microsoft\Windows\SharedPC
TaskName                                 Next Run Time          Status
======================================== ====================== ===============
Account Cleanup                          N/A                    Disabled

Folder: \Microsoft\Windows\Shell
TaskName                                 Next Run Time          Status
======================================== ====================== ===============
CreateObjectTask                         N/A                    Ready
FamilySafetyMonitor                      N/A                    Ready
FamilySafetyRefreshTask                  N/A                    Ready
IndexerAutomaticMaintenance              N/A                    Ready

Folder: \Microsoft\Windows\SoftwareProtectionPlatform
TaskName                                 Next Run Time          Status
======================================== ====================== ===============
SvcRestartTaskLogon                      N/A                    Disabled

Folder: \Microsoft\Windows\SpacePort
TaskName                                 Next Run Time          Status
======================================== ====================== ===============
SpaceAgentTask                           N/A                    Ready
SpaceManagerTask                         N/A                    Ready

Folder: \Microsoft\Windows\StateRepository
TaskName                                 Next Run Time          Status
======================================== ====================== ===============
MaintenanceTasks                         N/A                    Ready

Folder: \Microsoft\Windows\Storage Tiers Management
TaskName                                 Next Run Time          Status
======================================== ====================== ===============
Storage Tiers Management Initialization  N/A                    Ready
Storage Tiers Optimization               N/A                    Disabled

Folder: \Microsoft\Windows\Sysmain
TaskName                                 Next Run Time          Status
======================================== ====================== ===============
HybridDriveCachePrepopulate              N/A                    Disabled
HybridDriveCacheRebalance                N/A                    Disabled
ResPriStaticDbSync                       N/A                    Ready
WsSwapAssessmentTask                     N/A                    Ready

Folder: \Microsoft\Windows\SystemRestore
TaskName                                 Next Run Time          Status
======================================== ====================== ===============
SR                                       N/A                    Ready

Folder: \Microsoft\Windows\Task Manager
TaskName                                 Next Run Time          Status
======================================== ====================== ===============
Interactive                              N/A                    Ready

Folder: \Microsoft\Windows\termsrv
TaskName                                 Next Run Time          Status
======================================== ====================== ===============
INFO: There are no scheduled tasks presently available at your access level.

Folder: \Microsoft\Windows\termsrv\RemoteFX
TaskName                                 Next Run Time          Status
======================================== ====================== ===============
RemoteFXvGPUDisableTask                  N/A                    Ready
RemoteFXWarningTask                      4/24/2021 1:00:00 PM   Ready

Folder: \Microsoft\Windows\TextServicesFramework
TaskName                                 Next Run Time          Status
======================================== ====================== ===============
MsCtfMonitor                             N/A                    Ready

Folder: \Microsoft\Windows\Time Synchronization
TaskName                                 Next Run Time          Status
======================================== ====================== ===============
ForceSynchronizeTime                     N/A                    Ready
SynchronizeTime                          N/A                    Ready

Folder: \Microsoft\Windows\Time Zone
TaskName                                 Next Run Time          Status
======================================== ====================== ===============
SynchronizeTimeZone                      N/A                    Ready

Folder: \Microsoft\Windows\UNP
TaskName                                 Next Run Time          Status
======================================== ====================== ===============
RunUpdateNotificationMgr                 N/A                    Disabled

Folder: \Microsoft\Windows\UPnP
TaskName                                 Next Run Time          Status
======================================== ====================== ===============
UPnPHostConfig                           N/A                    Ready

Folder: \Microsoft\Windows\USB
TaskName                                 Next Run Time          Status
======================================== ====================== ===============
Usb-Notifications                        N/A                    Ready

Folder: \Microsoft\Windows\WCM
TaskName                                 Next Run Time          Status
======================================== ====================== ===============
WiFiTask                                 N/A                    Ready

Folder: \Microsoft\Windows\WDI
TaskName                                 Next Run Time          Status
======================================== ====================== ===============
ResolutionHost                           N/A                    Running

Folder: \Microsoft\Windows\Windows Defender
TaskName                                 Next Run Time          Status
======================================== ====================== ===============
Windows Defender Cache Maintenance       N/A                    Ready
Windows Defender Cleanup                 N/A                    Ready
Windows Defender Scheduled Scan          N/A                    Ready
Windows Defender Verification            N/A                    Ready

Folder: \Microsoft\Windows\Windows Error Reporting
TaskName                                 Next Run Time          Status
======================================== ====================== ===============
QueueReporting                           4/6/2021 5:57:32 PM    Ready

Folder: \Microsoft\Windows\Windows Filtering Platform
TaskName                                 Next Run Time          Status
======================================== ====================== ===============
BfeOnServiceStartTypeChange              N/A                    Ready

Folder: \Microsoft\Windows\Windows Media Sharing
TaskName                                 Next Run Time          Status
======================================== ====================== ===============
UpdateLibrary                            N/A                    Ready

Folder: \Microsoft\Windows\WindowsColorSystem
TaskName                                 Next Run Time          Status
======================================== ====================== ===============
Calibration Loader                       N/A                    Ready

Folder: \Microsoft\Windows\WindowsUpdate
TaskName                                 Next Run Time          Status
======================================== ====================== ===============
Scheduled Start                          N/A                    Ready

Folder: \Microsoft\Windows\Wininet
TaskName                                 Next Run Time          Status
======================================== ====================== ===============
CacheTask                                N/A                    Running

Folder: \Microsoft\Windows\WlanSvc
TaskName                                 Next Run Time          Status
======================================== ====================== ===============
CDSSync                                  N/A                    Ready

Folder: \Microsoft\Windows\Work Folders
TaskName                                 Next Run Time          Status
======================================== ====================== ===============
Work Folders Logon Synchronization       N/A                    Ready
Work Folders Maintenance Work            N/A                    Ready

Folder: \Microsoft\Windows\Workplace Join
TaskName                                 Next Run Time          Status
======================================== ====================== ===============
Automatic-Device-Join                    N/A                    Ready
Device-Sync                              N/A                    Disabled
Recovery-Check                           N/A                    Disabled

Folder: \Microsoft\Windows\WwanSvc
TaskName                                 Next Run Time          Status
======================================== ====================== ===============
NotificationTask                         N/A                    Ready
OobeDiscovery                            N/A                    Ready

Folder: \Microsoft\XblGameSave
TaskName                                 Next Run Time          Status
======================================== ====================== ===============
XblGameSaveTask                          N/A                    Ready
